******************************************************************************
            TI ARM Clang Linker PC v4.0.0                      
******************************************************************************
>> Linked Mon Dec 30 21:02:45 2024

OUTPUT FILE NAME:   <24CServo-uart.out>
ENTRY POINT SYMBOL: "_c_int00_noargs"  address: 00000451


MEMORY CONFIGURATION

         name            origin    length      used     unused   attr    fill
----------------------  --------  ---------  --------  --------  ----  --------
  FLASH                 00000000   00020000  00000598  0001fa68  R  X
  SRAM                  20200000   00008000  0000028a  00007d76  RW X
  BCR_CONFIG            41c00000   00000080  00000000  00000080  R   
  BSL_CONFIG            41c00100   00000080  00000000  00000080  R   


SEGMENT ALLOCATION MAP

run origin  load origin   length   init length attrs members
----------  ----------- ---------- ----------- ----- -------
00000000    00000000    00000598   00000598    r-x
  00000000    00000000    000000c0   000000c0    r-- .intvecs
  000000c0    000000c0    00000498   00000498    r-x .text
  00000558    00000558    00000010   00000010    r-- .rodata
  00000568    00000568    00000030   00000030    r-- .cinit
20200000    20200000    0000008b   00000000    rw-
  20200000    20200000    00000083   00000000    rw- .data
  20200084    20200084    00000007   00000000    rw- .bss
20207e00    20207e00    00000200   00000000    rw-
  20207e00    20207e00    00000200   00000000    rw- .stack


SECTION ALLOCATION MAP

 output                                  attributes/
section   page    origin      length       input sections
--------  ----  ----------  ----------   ----------------
.intvecs   0    00000000    000000c0     
                  00000000    000000c0     startup_mspm0g350x_ticlang.o (.intvecs)

.text      0    000000c0    00000498     
                  000000c0    0000009a     libc.a : memcpy16.S.obj (.text:memcpy)
                  0000015a    00000002     startup_mspm0g350x_ticlang.o (.text.Default_Handler)
                  0000015c    00000094     empty.o (.text.main)
                  000001f0    0000007c     libc.a : copy_decompress_lzss.c.obj (.text:decompress:lzss)
                  0000026c    0000006c     ti_msp_dl_config.o (.text.SYSCFG_DL_UART_0_init)
                  000002d8    00000048     driverlib.a : dl_uart.o (.text.DL_UART_init)
                  00000320    00000044     usart.o (.text.UART0_IRQHandler)
                  00000364    00000040     delay.o (.text.delay_ms)
                  000003a4    0000003c     ti_msp_dl_config.o (.text.SYSCFG_DL_SYSCTL_init)
                  000003e0    0000003c     libc.a : autoinit.c.obj (.text:__TI_auto_init_nobinit_nopinit)
                  0000041c    00000034     ti_msp_dl_config.o (.text.SYSCFG_DL_initPower)
                  00000450    00000028     libc.a : boot_cortex_m.c.obj (.text:_c_int00_noargs)
                  00000478    0000001c     ti_msp_dl_config.o (.text.SYSCFG_DL_SYSTICK_init)
                  00000494    0000001c     usart.o (.text.USART_Init)
                  000004b0    0000001c     usart.o (.text.USART_SendData)
                  000004cc    00000018     ti_msp_dl_config.o (.text.SYSCFG_DL_init)
                  000004e4    00000016     libc.a : copy_zero_init.c.obj (.text:decompress:ZI:__TI_zero_init_nomemset)
                  000004fa    00000002     --HOLE-- [fill = 0]
                  000004fc    00000014     ti_msp_dl_config.o (.text.SYSCFG_DL_GPIO_init)
                  00000510    00000012     driverlib.a : dl_uart.o (.text.DL_UART_setClockConfig)
                  00000522    00000012     libc.a : copy_decompress_none.c.obj (.text:decompress:none)
                  00000534    0000000a     driverlib.a : dl_common.o (.text.DL_Common_delayCycles)
                  0000053e    00000002     --HOLE-- [fill = 0]
                  00000540    00000008     libclang_rt.builtins.a : aeabi_memcpy.S.obj (.text.__aeabi_memcpy)
                  00000548    00000004     startup_mspm0g350x_ticlang.o (.text.Reset_Handler)
                  0000054c    00000004     libc.a : pre_init.c.obj (.text._system_pre_init)
                  00000550    00000004            : exit.c.obj (.text:abort)
                  00000554    00000004     --HOLE-- [fill = 0]

.cinit     0    00000568    00000030     
                  00000568    0000000c     (__TI_handler_table)
                  00000574    00000008     (.cinit..bss.load) [load image, compression = zero_init]
                  0000057c    00000008     (.cinit..data.load) [load image, compression = lzss]
                  00000584    00000010     (__TI_cinit_table)
                  00000594    00000004     --HOLE-- [fill = 0]

.rodata    0    00000558    00000010     
                  00000558    0000000a     ti_msp_dl_config.o (.rodata.gUART_0Config)
                  00000562    00000002     ti_msp_dl_config.o (.rodata.gUART_0ClockConfig)
                  00000564    00000004     --HOLE-- [fill = 0]

.init_array 
*          0    00000000    00000000     UNINITIALIZED

.binit     0    00000000    00000000     

.data      0    20200000    00000083     UNINITIALIZED
                  20200000    00000080     usart.o (.data.recv0_buff)
                  20200080    00000002     usart.o (.data.recv0_length)
                  20200082    00000001     usart.o (.data.recv0_flag)

.bss       0    20200084    00000007     UNINITIALIZED
                  20200084    00000004     (.common:i)
                  20200088    00000001     (.common:date1)
                  20200089    00000001     (.common:date2)
                  2020008a    00000001     (.common:date3)

.stack     0    20207e00    00000200     UNINITIALIZED
                  20207e00    00000004     libc.a : boot_cortex_m.c.obj (.stack)
                  20207e04    000001fc     --HOLE--

__llvm_prf_cnts 
*          0    20200000    00000000     UNINITIALIZED

__llvm_prf_bits 
*          0    20200000    00000000     UNINITIALIZED

MODULE SUMMARY

       Module                         code   ro data   rw data
       ------                         ----   -------   -------
    .\
       startup_mspm0g350x_ticlang.o   6      192       0      
       empty.o                        148    0         7      
    +--+------------------------------+------+---------+---------+
       Total:                         154    192       7      
                                                              
    .\BSP\
       usart.o                        124    0         131    
       delay.o                        64     0         0      
    +--+------------------------------+------+---------+---------+
       Total:                         188    0         131    
                                                              
    .\syscfg\
       ti_msp_dl_config.o             292    12        0      
    +--+------------------------------+------+---------+---------+
       Total:                         292    12        0      
                                                              
    E:/SoftWare/ti/mspm0_sdk_2_02_00_05/source/ti/driverlib/lib/ticlang/m0p/mspm0g1x0x_g3x0x/driverlib.a
       dl_uart.o                      90     0         0      
       dl_common.o                    10     0         0      
    +--+------------------------------+------+---------+---------+
       Total:                         100    0         0      
                                                              
    E:\SoftWare\ti\ccstheia151\ccs\tools\compiler\ti-cgt-armllvm_4.0.0.LTS\lib\armv6m-ti-none-eabi/c/libc.a
       memcpy16.S.obj                 154    0         0      
       copy_decompress_lzss.c.obj     124    0         0      
       autoinit.c.obj                 60     0         0      
       boot_cortex_m.c.obj            40     0         0      
       copy_zero_init.c.obj           22     0         0      
       copy_decompress_none.c.obj     18     0         0      
       exit.c.obj                     4      0         0      
       pre_init.c.obj                 4      0         0      
    +--+------------------------------+------+---------+---------+
       Total:                         426    0         0      
                                                              
    E:\SoftWare\ti\ccstheia151\ccs\tools\compiler\ti-cgt-armllvm_4.0.0.LTS\lib\armv6m-ti-none-eabi/libclang_rt.builtins.a
       aeabi_memcpy.S.obj             8      0         0      
    +--+------------------------------+------+---------+---------+
       Total:                         8      0         0      
                                                              
       Stack:                         0      0         512    
       Linker Generated:              0      44        0      
    +--+------------------------------+------+---------+---------+
       Grand Total:                   1168   248       650    


LINKER GENERATED COPY TABLES

__TI_cinit_table @ 00000584 records: 2, size/record: 8, table size: 16
	.bss: load addr=00000574, load size=00000008 bytes, run addr=20200084, run size=00000007 bytes, compression=zero_init
	.data: load addr=0000057c, load size=00000008 bytes, run addr=20200000, run size=00000083 bytes, compression=lzss


LINKER GENERATED HANDLER TABLE

__TI_handler_table @ 00000568 records: 3, size/record: 4, table size: 12
	index: 0, handler: __TI_decompress_lzss
	index: 1, handler: __TI_decompress_none
	index: 2, handler: __TI_zero_init


GLOBAL SYMBOLS: SORTED ALPHABETICALLY BY Name 

address   name                          
-------   ----                          
0000015b  ADC0_IRQHandler               
0000015b  ADC1_IRQHandler               
0000015b  AES_IRQHandler                
00000550  C$$EXIT                       
0000015b  CANFD0_IRQHandler             
0000015b  DAC0_IRQHandler               
00000535  DL_Common_delayCycles         
000002d9  DL_UART_init                  
00000511  DL_UART_setClockConfig        
0000015b  DMA_IRQHandler                
0000015b  Default_Handler               
0000015b  GROUP0_IRQHandler             
0000015b  GROUP1_IRQHandler             
0000015b  HardFault_Handler             
0000015b  I2C0_IRQHandler               
0000015b  I2C1_IRQHandler               
0000015b  NMI_Handler                   
0000015b  PendSV_Handler                
0000015b  RTC_IRQHandler                
00000549  Reset_Handler                 
0000015b  SPI0_IRQHandler               
0000015b  SPI1_IRQHandler               
0000015b  SVC_Handler                   
000004fd  SYSCFG_DL_GPIO_init           
000003a5  SYSCFG_DL_SYSCTL_init         
00000479  SYSCFG_DL_SYSTICK_init        
0000026d  SYSCFG_DL_UART_0_init         
000004cd  SYSCFG_DL_init                
0000041d  SYSCFG_DL_initPower           
0000015b  SysTick_Handler               
0000015b  TIMA0_IRQHandler              
0000015b  TIMA1_IRQHandler              
0000015b  TIMG0_IRQHandler              
0000015b  TIMG12_IRQHandler             
0000015b  TIMG6_IRQHandler              
0000015b  TIMG7_IRQHandler              
0000015b  TIMG8_IRQHandler              
00000321  UART0_IRQHandler              
0000015b  UART1_IRQHandler              
0000015b  UART2_IRQHandler              
0000015b  UART3_IRQHandler              
00000495  USART_Init                    
000004b1  USART_SendData                
20208000  __STACK_END                   
00000200  __STACK_SIZE                  
00000000  __TI_ATRegion0_region_sz      
00000000  __TI_ATRegion0_src_addr       
00000000  __TI_ATRegion0_trg_addr       
00000000  __TI_ATRegion1_region_sz      
00000000  __TI_ATRegion1_src_addr       
00000000  __TI_ATRegion1_trg_addr       
00000000  __TI_ATRegion2_region_sz      
00000000  __TI_ATRegion2_src_addr       
00000000  __TI_ATRegion2_trg_addr       
00000584  __TI_CINIT_Base               
00000594  __TI_CINIT_Limit              
00000594  __TI_CINIT_Warm               
00000568  __TI_Handler_Table_Base       
00000574  __TI_Handler_Table_Limit      
000003e1  __TI_auto_init_nobinit_nopinit
000001f1  __TI_decompress_lzss          
00000523  __TI_decompress_none          
ffffffff  __TI_pprof_out_hndl           
ffffffff  __TI_prof_data_size           
ffffffff  __TI_prof_data_start          
00000000  __TI_static_base__            
000004e5  __TI_zero_init_nomemset       
00000541  __aeabi_memcpy                
00000541  __aeabi_memcpy4               
00000541  __aeabi_memcpy8               
ffffffff  __binit__                     
UNDEFED   __mpu_init                    
20207e00  __stack                       
20200000  __start___llvm_prf_bits       
20200000  __start___llvm_prf_cnts       
20200000  __stop___llvm_prf_bits        
20200000  __stop___llvm_prf_cnts        
00000451  _c_int00_noargs               
UNDEFED   _system_post_cinit            
0000054d  _system_pre_init              
00000551  abort                         
ffffffff  binit                         
20200088  date1                         
20200089  date2                         
2020008a  date3                         
00000365  delay_ms                      
20200084  i                             
00000000  interruptVectors              
0000015d  main                          
000000c1  memcpy                        
20200000  recv0_buff                    
20200082  recv0_flag                    
20200080  recv0_length                  


GLOBAL SYMBOLS: SORTED BY Symbol Address 

address   name                          
-------   ----                          
00000000  __TI_ATRegion0_region_sz      
00000000  __TI_ATRegion0_src_addr       
00000000  __TI_ATRegion0_trg_addr       
00000000  __TI_ATRegion1_region_sz      
00000000  __TI_ATRegion1_src_addr       
00000000  __TI_ATRegion1_trg_addr       
00000000  __TI_ATRegion2_region_sz      
00000000  __TI_ATRegion2_src_addr       
00000000  __TI_ATRegion2_trg_addr       
00000000  __TI_static_base__            
00000000  interruptVectors              
000000c1  memcpy                        
0000015b  ADC0_IRQHandler               
0000015b  ADC1_IRQHandler               
0000015b  AES_IRQHandler                
0000015b  CANFD0_IRQHandler             
0000015b  DAC0_IRQHandler               
0000015b  DMA_IRQHandler                
0000015b  Default_Handler               
0000015b  GROUP0_IRQHandler             
0000015b  GROUP1_IRQHandler             
0000015b  HardFault_Handler             
0000015b  I2C0_IRQHandler               
0000015b  I2C1_IRQHandler               
0000015b  NMI_Handler                   
0000015b  PendSV_Handler                
0000015b  RTC_IRQHandler                
0000015b  SPI0_IRQHandler               
0000015b  SPI1_IRQHandler               
0000015b  SVC_Handler                   
0000015b  SysTick_Handler               
0000015b  TIMA0_IRQHandler              
0000015b  TIMA1_IRQHandler              
0000015b  TIMG0_IRQHandler              
0000015b  TIMG12_IRQHandler             
0000015b  TIMG6_IRQHandler              
0000015b  TIMG7_IRQHandler              
0000015b  TIMG8_IRQHandler              
0000015b  UART1_IRQHandler              
0000015b  UART2_IRQHandler              
0000015b  UART3_IRQHandler              
0000015d  main                          
000001f1  __TI_decompress_lzss          
00000200  __STACK_SIZE                  
0000026d  SYSCFG_DL_UART_0_init         
000002d9  DL_UART_init                  
00000321  UART0_IRQHandler              
00000365  delay_ms                      
000003a5  SYSCFG_DL_SYSCTL_init         
000003e1  __TI_auto_init_nobinit_nopinit
0000041d  SYSCFG_DL_initPower           
00000451  _c_int00_noargs               
00000479  SYSCFG_DL_SYSTICK_init        
00000495  USART_Init                    
000004b1  USART_SendData                
000004cd  SYSCFG_DL_init                
000004e5  __TI_zero_init_nomemset       
000004fd  SYSCFG_DL_GPIO_init           
00000511  DL_UART_setClockConfig        
00000523  __TI_decompress_none          
00000535  DL_Common_delayCycles         
00000541  __aeabi_memcpy                
00000541  __aeabi_memcpy4               
00000541  __aeabi_memcpy8               
00000549  Reset_Handler                 
0000054d  _system_pre_init              
00000550  C$$EXIT                       
00000551  abort                         
00000568  __TI_Handler_Table_Base       
00000574  __TI_Handler_Table_Limit      
00000584  __TI_CINIT_Base               
00000594  __TI_CINIT_Limit              
00000594  __TI_CINIT_Warm               
20200000  __start___llvm_prf_bits       
20200000  __start___llvm_prf_cnts       
20200000  __stop___llvm_prf_bits        
20200000  __stop___llvm_prf_cnts        
20200000  recv0_buff                    
20200080  recv0_length                  
20200082  recv0_flag                    
20200084  i                             
20200088  date1                         
20200089  date2                         
2020008a  date3                         
20207e00  __stack                       
20208000  __STACK_END                   
ffffffff  __TI_pprof_out_hndl           
ffffffff  __TI_prof_data_size           
ffffffff  __TI_prof_data_start          
ffffffff  __binit__                     
ffffffff  binit                         
UNDEFED   __mpu_init                    
UNDEFED   _system_post_cinit            

[93 symbols]
