<html>
<body>
<pre>
<h1>µVision Build Log</h1>
<h2>Tool Versions:</h2>
IDE-Version: ¦ÌVision V5.35.0.0
Copyright (C) 2021 ARM Ltd and ARM Germany GmbH. All rights reserved.
License Information: 1 abc, 1, LIC=JDA0P-MXPMY-IN1A7-EXZRL-USX4S-3UYYC
 
Tool Versions:
Toolchain:       MDK-ARM Professional  Version: 5.35.0.2
Toolchain Path:  D:\Keil_v5\ARM\ARMCLANG\Bin
C Compiler:      ArmClang.exe V6.16
Assembler:       Armasm.exe V6.16
Linker/Locator:  ArmLink.exe V6.16
Library Manager: ArmAr.exe V6.16
Hex Converter:   FromElf.exe V6.16
CPU DLL:         SARMCM3.DLL V5.35.0.2
Dialog DLL:      DARMCM1.DLL V1.19.4.0
Target DLL:      UL2CM3.DLL V1.164.0.0
Dialog DLL:      TARMCM1.DLL V1.14.4.0
 
<h2>Project:</h2>
D:\ti\mspm0_sdk_2_02_00_05\24CServo-uart\keil\empty_LP_MSPM0G3519_nortos_keil.uvprojx
Project File Date:  08/21/2026

<h2>Output:</h2>
*** Using Compiler 'V6.16', folder: 'D:\Keil_v5\ARM\ARMCLANG\Bin'
Rebuild target 'empty_LP_MSPM0G3519_nortos_keil'
Before Build - User command #1: cmd.exe /C "D:\ti\mspm0_sdk_2_02_00_05\24CServo-uart\keil\../../tools/keil/syscfg.bat 'D:\ti\mspm0_sdk_2_02_00_05\24CServo-uart\keil\' empty.syscfg"
Using Sysconfig Tool from "D:\ti\sysconfig_1.21.1\sysconfig_cli.bat"
"Update the file located at <sdk path>/tools/keil/syscfg.bat to use a different version"
Running script...
Validating...
Generating Code (empty.syscfg)...
Unchanged D:\ti\mspm0_sdk_2_02_00_05\24CServo-uart\ti_msp_dl_config.c...
Unchanged D:\ti\mspm0_sdk_2_02_00_05\24CServo-uart\ti_msp_dl_config.h...
compiling dl_crc.c...
compiling dl_adc12.c...
compiling dl_aes.c...
compiling dl_dma.c...
compiling dl_common.c...
compiling dl_dac12.c...
compiling dl_crcp.c...
assembling startup_mspm0g351x_uvision.s...
compiling dl_aesadv.c...
compiling ti_msp_dl_config.c...
compiling empty.c...
compiling dl_i2c.c...
compiling dl_keystorectl.c...
compiling dl_lcd.c...
compiling dl_opa.c...
compiling dl_mathacl.c...
compiling dl_lfss.c...
compiling dl_rtc_common.c...
compiling dl_flashctl.c...
compiling dl_spi.c...
compiling dl_mcan.c...
compiling dl_timer.c...
compiling dl_trng.c...
compiling dl_vref.c...
compiling dl_uart.c...
compiling dl_factoryregion.c...
compiling delay.c...
compiling usart.c...
linking...
Program Size: Code=2284 RO-data=220 RW-data=0 ZI-data=496  
FromELF: creating hex file...
"..\OBJ\empty.axf" - 0 Error(s), 0 Warning(s).

<h2>Software Packages used:</h2>

Package Vendor: TexasInstruments
                https://software-dl.ti.com/msp430/esd/MSPM0-CMSIS/MSPM0GX51X/latest/exports/TexasInstruments.MSPM0GX51X_DFP.1.0.0.pack
                TexasInstruments.MSPM0GX51X_DFP.1.0.0
                Device Family Pack for Texas Instruments MSPM0GX51X Series

<h2>Collection of Component include folders:</h2>

<h2>Collection of Component Files used:</h2>
Build Time Elapsed:  00:00:06
</pre>
</body>
</html>
